// Jest Snapshot v1, https://goo.gl/fbAQLP

exports[`handler executes as expected 1`] = `
Object {
  "body": "{\\"message\\":\\"Go Serverless v1.0! Your function executed successfully!\\",\\"input\\":{}}",
  "headers": Object {},
  "statusCode": 200,
}
`;
